
> vite_react_shadcn_ts@0.0.0 build
> vite build

[36mvite v5.4.10 [32mbuilding for production...[36m[39m
transforming...
node.exe : Browserslist: browsers data 
(caniuse-lite) is 15 months old. 
Please run:
At line:1 char:1
+ & "C:\Program Files\nodejs/node.exe" 
"C:\Program Files\nodejs/node_mo ...
+ ~~~~~~~~~~~~~~~~~~~~~~~~~~~~~~~~~~~~~o
~~~~~~~~~~~~~~~~~~~~~~~~~~~~~~~~
    + CategoryInfo          : NotSpeci 
   fied: (Browserslist: b...ld. Pleas  
  e run::String) [], RemoteException
    + FullyQualifiedErrorId : NativeCo 
   mmandError
 
  npx update-browserslist-db@latest
  Why you should do it regularly: https
://github.com/browserslist/update-db#re
adme
[32mΓ£ô[39m 3918 modules transformed.
[31mx[39m Build failed in 3.54s
[31merror during build:
[31msrc/pages/Dashboard.tsx (20:9): 
"useLoading" is not exported by 
"src/components/ui/PageLoader.tsx", 
imported by 
"src/pages/Dashboard.tsx".[31m
file: [36mC:/project/CRM_TS/src/pages/
Dashboard.tsx:20:9[31m
[33m
18: import Attendance from 
'./Attendance';
19: import { AnimatePresence, motion } 
from 'framer-motion';
20: import { useLoading } from 
"@/components/ui/PageLoader";
             ^
21: import { RequireRole } from 
'@/components/crm/RequireRole';
[31m
    at getRollupError (file:///C:/proje
ct/CRM_TS/node_modules/rollup/dist/es/s
hared/parseAst.js:395:41)
    at error (file:///C:/project/CRM_TS
/node_modules/rollup/dist/es/shared/par
seAst.js:391:42)
    at Module.error (file:///C:/project
/CRM_TS/node_modules/rollup/dist/es/sha
red/node-entry.js:15535:16)
    at Module.traceVariable (file:///C:
/project/CRM_TS/node_modules/rollup/dis
t/es/shared/node-entry.js:15984:29)
    at ModuleScope.findVariable (file:/
//C:/project/CRM_TS/node_modules/rollup
/dist/es/shared/node-entry.js:13770:39)
    at ReturnValueScope.findVariable (f
ile:///C:/project/CRM_TS/node_modules/r
ollup/dist/es/shared/node-entry.js:5252
:38)
    at FunctionBodyScope.findVariable (
file:///C:/project/CRM_TS/node_modules/
rollup/dist/es/shared/node-entry.js:525
2:38)
    at Identifier.bind (file:///C:/proj
ect/CRM_TS/node_modules/rollup/dist/es/
shared/node-entry.js:5035:40)
    at CallExpression.bind (file:///C:/
project/CRM_TS/node_modules/rollup/dist
/es/shared/node-entry.js:2855:23)
    at CallExpression.bind (file:///C:/
project/CRM_TS/node_modules/rollup/dist
/es/shared/node-entry.js:11235:15)[39m
